../Core/Src/main.c:84:9:LSM6DSL_I2C_Write	40	static
../Core/Src/main.c:89:9:LSM6DSL_I2C_Read	40	static
../Core/Src/main.c:103:5:main	104	static
../Core/Src/main.c:193:6:SystemClock_Config	96	static
../Core/Src/main.c:254:13:MX_DFSDM1_Init	8	static
../Core/Src/main.c:292:13:MX_QUADSPI_Init	8	static
../Core/Src/main.c:325:13:MX_USART3_UART_Init	8	static
../Core/Src/main.c:360:13:MX_USB_OTG_FS_PCD_Init	8	static
../Core/Src/main.c:395:13:MX_GPIO_Init	72	static
../Core/Src/main.c:588:12:Add_Accelerator_Service	96	static
../Core/Src/main.c:611:6:Attribute_Modified_CB	32	static
../Core/Src/main.c:637:6:StartDefaultTask	16	static
../Core/Src/main.c:655:6:StartTaskBLE	16	static
../Core/Src/main.c:680:6:StartTaskACC	144	static
../Core/Src/main.c:747:6:HAL_TIM_PeriodElapsedCallback	16	static
../Core/Src/main.c:765:6:Error_Handler	4	static,ignoring_inline_asm
